<html>
<body>
<pre>
<h1>µVision Build Log</h1>
<h2>Tool Versions:</h2>
IDE-Version: ¦ÌVision V5.31.0.0
Copyright (C) 2020 ARM Ltd and ARM Germany GmbH. All rights reserved.
License Information: 1 Zlh, 1, LIC=9WSKC-7EKS3-BSVYX-H5JPW-D6AJK-09QBW
 
Tool Versions:
Toolchain:       MDK-ARM Plus  Version: 5.31.0.0
Toolchain Path:  E:\Keil_v5\ARM\ARMCLANG\Bin
C Compiler:      ArmClang.exe V6.14
Assembler:       Armasm.exe V6.14
Linker/Locator:  ArmLink.exe V6.14
Library Manager: ArmAr.exe V6.14
Hex Converter:   FromElf.exe V6.14
CPU DLL:         SARMCM3.DLL V5.31.0.0
Dialog DLL:      DCM.DLL V1.17.3.0
Target DLL:      Segger\JL2CM3.dll V2.99.38.0
Dialog DLL:      TCM.DLL V1.46.0.0
 
<h2>Project:</h2>
C:\Users\Zlh\Desktop\airPlane\ACFly Prophet V10 20200922Beta-publish\ACFly.uvprojx
Project File Date:  10/05/2020

<h2>Output:</h2>
*** Using Compiler 'V6.14', folder: 'E:\Keil_v5\ARM\ARMCLANG\Bin'
Build target 'Target 1'
ArmClang: warning: Unknown CUDA version 10.2. Assuming the latest supported version 10.1 [-Wunknown-cuda-version]
compiling drv_OpenMV.cpp...
ArmClang: warning: Unknown CUDA version 10.2. Assuming the latest supported version 10.1 [-Wunknown-cuda-version]
compiling drv_Main.cpp...
ArmClang: warning: Unknown CUDA version 10.2. Assuming the latest supported version 10.1 [-Wunknown-cuda-version]
compiling GUI.cpp...
linking...
Program Size: Code=354304 RO-data=273808 RW-data=536256 ZI-data=60236  
FromELF: creating hex file...
".\Objects\ACFly.axf" - 0 Error(s), 3 Warning(s).

<h2>Software Packages used:</h2>

Package Vendor: Keil
                https://www.keil.com/pack/Keil.STM32H7xx_DFP.2.3.0.pack
                Keil.STM32H7xx_DFP.2.3.0
                STMicroelectronics STM32H7 Series Device Support and Examples

<h2>Collection of Component include folders:</h2>
  E:\Users\Zlh\AppData\Local\Arm\Packs\Keil\STM32H7xx_DFP\2.3.0\Drivers\CMSIS\Device\ST\STM32H7xx\Include

<h2>Collection of Component Files used:</h2>
Build Time Elapsed:  00:00:06
</pre>
</body>
</html>
